   0.013  A| -- COM7 open
   0.014  B| -- COM8 open
   0.127  B|   hb 143 s seen 0 good 0 crc 0 lost 0 level 2 overruns 0 load 24%
   2.005  A| >> c 200
   2.126  A|     carrier 200000 Hz, bin 20, 400 pad bits per chip
   2.530  A|   hb sent 29 seq 29 running stalls 0
   4.015  B| >> c 200
   4.048  B|     carrier 200000 Hz, bin 20, 400 pad bits per chip
   8.014  B| >> z
   8.100  B|     stats zeroed
  10.037  B|   hb 2 s seen 0 good 0 crc 0 lost 0 level 4 overruns 0 load 24%
  12.568  A|   hb sent 58 seq 58 running stalls 0
  20.006  B| >> m
  20.092  B| 
  20.092  B|   --- measure at 200000 Hz, 500 ms ---
  20.718  B|     chip energy:  mean 413.5 LSB, max 1393 LSB (A, if frames are flowing)
  20.718  B|     raw samples:  1497.3 LSB RMS about code 2534 (sigma, if the transmitter is paused)
  20.718  B|     M4 floor:     0.2 LSB RMS about code 864 (on-die sensor, at boot)
  20.825  B|   hb 12 s seen 0 good 0 crc 0 lost 0 level 680 overruns 0 load 24%
  22.546  A|   hb sent 87 seq 87 running stalls 0
  26.749  A|   sent 100 frames, next seq 100, 34 s, refused 0, stalls 0
  30.052  B|   hb 22 s seen 0 good 0 crc 0 lost 0 level 477 overruns 0 load 24%
  32.571  A|   hb sent 116 seq 116 running stalls 0
  36.012  B| >> s
  36.028  B|       27 s  good 0  crc 0  lost 0   FER 1.0000   BER 5.00e-01   margin 0  worst gap 0  last fail 0 s
  36.028  B|            false syncs 126, dma overruns 0, core-1 load 24%
  40.025  B|   hb 32 s seen 0 good 0 crc 0 lost 0 level 15 overruns 0 load 24%
