   0.010  A| -- COM8 open
   2.019  A| >> c 200
   2.093  A|     carrier 200000 Hz, bin 10, 200 pad bits per chip
   5.005  A| >> z
   5.062  A|     stats zeroed
   7.993  A|   hb 2 s seen 0 good 0 crc 0 lost 0 level 138 overruns 0 load 28%
   9.012  A| >> m
   9.075  A| 
   9.075  A|   --- measure at 200000 Hz, 500 ms ---
   9.814  A|     chip energy:  mean 32.2 LSB, max 413 LSB (A, if frames are flowing)
   9.814  A|     raw samples:  646.8 LSB RMS about code 2174 (sigma, if the transmitter is paused)
   9.814  A|     M4 floor:     0.3 LSB RMS about code 866 (on-die sensor, at boot)
  16.003  A| >> m
  16.038  A| 
  16.038  A|   --- measure at 200000 Hz, 500 ms ---
  16.770  A|     chip energy:  mean 33.8 LSB, max 397 LSB (A, if frames are flowing)
  16.773  A|     raw samples:  670.9 LSB RMS about code 2180 (sigma, if the transmitter is paused)
  16.773  A|     M4 floor:     0.3 LSB RMS about code 866 (on-die sensor, at boot)
  17.938  A|   hb 12 s seen 0 good 0 crc 0 lost 0 level 31 overruns 0 load 28%
  21.019  A| >> s
  21.109  A|       16 s  good 0  crc 0  lost 0   FER 1.0000   BER 5.00e-01   margin 0  worst gap 0  last fail 0 s
  21.109  A|            false syncs 0, dma overruns 0, core-1 load 28%
